<html>
<body>
<pre>
<h1>µVision Build Log</h1>
<h2>Project:</h2>
C:\Keil\Labware\TivaC-Connect4Game\TivaC-Connect4Game\Connect4.uvproj
Project File Date:  05/20/2017

<h2>Output:</h2>
Build target 'Connect4'
linking...
Program Size: Code=5852 RO-data=4012 RW-data=116 ZI-data=2084  
".\Connect4.axf" - 0 Error(s), 0 Warning(s).
r(s), 0 Warning(s).
Load "C:\\Keil\\Labware\\TivaC-Connect4Game\\TivaC-Connect4Game\\Connect4.axf" 
Connecting: Mode=JTAG, Speed=1000000Hz
Erase Done.
Programming Done.
Verify OK.
ng(s).
Target not created
Load "C:\\Keil\\Labware\\TivaC-Connect4Game\\TivaC-Connect4Game\\Connect4.axf" 
_____^
*** error 56: cannot open file
Error: Flash Download failed  -  Could not load file 'C:\Keil\Labware\TivaC-Connect4Game\TivaC-Connect4Game\Connect4.axf'
